// Jest Snapshot v1, https://goo.gl/fbAQLP

exports[`Button renders correctly 1`] = `
<View
  accessibilityRole="button"
  accessibilityState={
    {
      "busy": undefined,
      "checked": undefined,
      "disabled": undefined,
      "expanded": undefined,
      "selected": undefined,
    }
  }
  accessibilityValue={
    {
      "max": undefined,
      "min": undefined,
      "now": undefined,
      "text": undefined,
    }
  }
  accessible={true}
  collapsable={false}
  focusable={true}
  onBlur={[Function]}
  onClick={[Function]}
  onFocus={[Function]}
  onResponderGrant={[Function]}
  onResponderMove={[Function]}
  onResponderRelease={[Function]}
  onResponderTerminate={[Function]}
  onResponderTerminationRequest={[Function]}
  onStartShouldSetResponder={[Function]}
  role="button"
  style={
    {
      "alignItems": "center",
      "backgroundColor": "#7F56D9",
      "borderColor": "#7F56D9",
      "borderRadius": 4,
      "borderWidth": 1,
      "flexDirection": "row",
      "justifyContent": "center",
      "paddingHorizontal": 14,
      "paddingVertical": 10,
    }
  }
  testID="baseButton"
>
  <View
    flexDirection="row"
    gap={4}
    style={
      [
        {
          "flexDirection": "row",
          "gap": 16,
        },
        undefined,
      ]
    }
  >
    <Text
      allowFontScaling={false}
      style={
        {
          "color": "#FFFFFF",
          "fontFamily": "Inter_SemiBold",
          "fontSize": 14,
          "fontStyle": "normal",
          "fontWeight": "400",
          "lineHeight": 21,
          "textAlign": "center",
          "textTransform": "none",
        }
      }
      testID="baseText"
      textAlign="center"
    >
      Button
    </Text>
  </View>
</View>
`;
